
  [32m[1mVITE[22m v5.4.21[39m  [2mready in [0m[1m219[22m[2m[0m ms[22m

  [32m➜[39m  [1mLocal[22m:   [36mhttp://localhost:[1m5280[22m/[39m
[2m  [32m➜[39m  [1mNetwork[22m[2m: use [22m[1m--host[22m[2m to expose[22m
[2m09:42:59[22m [36m[1m[vite][22m[39m [32mhmr update [39m[2m/src/ui/LoginPage.tsx[22m
[2m09:42:59[22m [36m[1m[vite][22m[39m [32mhmr update [39m[2m/src/ui/LoginPage.tsx[22m
[2m09:46:50[22m [36m[1m[vite][22m[39m [32mhmr update [39m[2m/src/ui/LoginPage.tsx[22m
[2m09:46:50[22m [36m[1m[vite][22m[39m [32mhmr update [39m[2m/src/ui/LoginPage.tsx[22m
[2m09:46:50[22m [36m[1m[vite][22m[39m [32mhmr update [39m[2m/src/ui/LoginPage.tsx[22m
[2m09:56:19[22m [36m[1m[vite][22m[39m [32mhmr update [39m[2m/src/ui/LoginPage.tsx[22m
[2m09:56:19[22m [36m[1m[vite][22m[39m [32mhmr update [39m[2m/src/ui/LoginPage.tsx[22m
[2m14:09:06[22m [36m[1m[vite][22m[39m [32mhmr update [39m[2m/src/ui/LoginPage.tsx[22m
[2m14:11:39[22m [36m[1m[vite][22m[39m [32mhmr update [39m[2m/src/ui/LoginPage.tsx[22m
[2m14:11:39[22m [36m[1m[vite][22m[39m [32mhmr update [39m[2m/src/ui/LoginPage.tsx[22m
[2m14:12:40[22m [36m[1m[vite][22m[39m [32mhmr update [39m[2m/src/ui/LoginPage.tsx[22m
[2m14:21:25[22m [36m[1m[vite][22m[39m [32mhmr update [39m[2m/src/ui/LoginPage.tsx[22m
[2m14:25:59[22m [36m[1m[vite][22m[39m [32mhmr update [39m[2m/src/ui/LoginPage.tsx[22m
[2m14:25:59[22m [36m[1m[vite][22m[39m [32mhmr update [39m[2m/src/ui/LoginPage.tsx[22m
[2m14:25:59[22m [36m[1m[vite][22m[39m [32mhmr update [39m[2m/src/ui/LoginPage.tsx[22m
[2m23:17:01[22m [36m[1m[vite][22m[39m [32mhmr update [39m[2m/src/ui/LoginPage.tsx[22m
[2m23:23:27[22m [36m[1m[vite][22m[39m [32mhmr update [39m[2m/src/ui/LoginPage.tsx[22m
[2m23:26:13[22m [36m[1m[vite][22m[39m [32mhmr update [39m[2m/src/ui/LoginPage.tsx[22m
[2m23:27:14[22m [36m[1m[vite][22m[39m [32mhmr update [39m[2m/src/ui/LoginPage.tsx[22m
[2m23:31:47[22m [36m[1m[vite][22m[39m [32mhmr update [39m[2m/src/ui/LoginPage.tsx[22m
[2m23:31:47[22m [36m[1m[vite][22m[39m [32mhmr update [39m[2m/src/ui/LoginPage.tsx[22m
[2m23:33:35[22m [36m[1m[vite][22m[39m [32mhmr update [39m[2m/src/ui/LoginPage.tsx[22m
node:internal/fs/watchers:321
    const error = new UVException({
                  ^

Error: EBUSY: resource busy or locked, watch 'D:\DevProjects\Elysia-API\login-demo\.asset-cache\release-verify-20260917-000926\login-demo\dist\assets\character\body.png'
    at FSWatcher.<computed> (node:internal/fs/watchers:321:19)
    at Object.watch (node:fs:2548:36)
    at createFsWatchInstance (file:///D:/DevProjects/Elysia-API/login-demo/node_modules/vite/dist/node/chunks/dep-BK3b2jBa.js:42780:17)
    at setFsWatchListener (file:///D:/DevProjects/Elysia-API/login-demo/node_modules/vite/dist/node/chunks/dep-BK3b2jBa.js:42827:15)
    at NodeFsHandler._watchWithNodeFs (file:///D:/DevProjects/Elysia-API/login-demo/node_modules/vite/dist/node/chunks/dep-BK3b2jBa.js:42982:14)
    at NodeFsHandler._handleFile (file:///D:/DevProjects/Elysia-API/login-demo/node_modules/vite/dist/node/chunks/dep-BK3b2jBa.js:43046:23)
    at NodeFsHandler._addToNodeFs (file:///D:/DevProjects/Elysia-API/login-demo/node_modules/vite/dist/node/chunks/dep-BK3b2jBa.js:43288:21)
Emitted 'error' event on FSWatcher instance at:
    at FSWatcher._handleError (file:///D:/DevProjects/Elysia-API/login-demo/node_modules/vite/dist/node/chunks/dep-BK3b2jBa.js:44481:10)
    at NodeFsHandler._addToNodeFs (file:///D:/DevProjects/Elysia-API/login-demo/node_modules/vite/dist/node/chunks/dep-BK3b2jBa.js:43296:18) {
  errno: -4082,
  syscall: 'watch',
  code: 'EBUSY',
  path: 'D:\\DevProjects\\Elysia-API\\login-demo\\.asset-cache\\release-verify-20260917-000926\\login-demo\\dist\\assets\\character\\body.png',
  filename: 'D:\\DevProjects\\Elysia-API\\login-demo\\.asset-cache\\release-verify-20260917-000926\\login-demo\\dist\\assets\\character\\body.png'
}

Node.js v24.18.0
